apiVersion: operators.coreos.com/v1alpha1
kind: CatalogSource
metadata:
  labels:
    app.kubernetes.io/name: certified-operators
  name: certified-operators
  namespace: openshift-marketplace
spec:
  displayName: Certified Operators
  grpcPodConfig:
    securityContextConfig: restricted
  image: registry.redhat.io/redhat/certified-operator-index:v4.16
  priority: -200
  publisher: Red Hat
  sourceType: grpc
  updateStrategy:
    registryPoll:
      interval: 10m
